
> frontend@0.1.0 build
> next build

Γû▓ Next.js 16.2.2 (Turbopack)

  Creating an optimized production build ...
npm : 
At line:1 char:1
+ npm run build 2>&1 > build_output.txt; Get-Content build_output.txt | ...
+ ~~~~~~~~~~~~~~~~~~~~~~~~~~~~~~~~~~~~~
    + CategoryInfo          : NotSpecified: (:String) [], RemoteException
    + FullyQualifiedErrorId : NativeCommandError
 
> Build error occurred
Error: Turbopack build failed with 11 errors:
./app/admin/components/ManageWilayah.tsx:207:2
Expression expected
  [90m205 |[0m       <[33mToaster[0m position=[32m"top-right"[0m />
  [90m206 |[0m
[31m[1m>[0m [90m207 |[0m <<<<<<< [33mUpdated[0m upstream
  [90m    |[0m  [31m[1m^^[0m
  [90m208 |[0m       {[90m/* --- HEADER --- */[0m}
  [90m209 |[0m       <div className=[32m"mb-8"[0m>
  [90m210 |[0m         <div className=[32m"bg-gradient-to-r from-[#DDE9E1] 
to-[#E8F1EB] rounded-[24px] p-8 s...[0m

Parsing ecmascript source code failed

Import traces:
  Client Component Browser:
    ./app/admin/components/ManageWilayah.tsx [Client Component Browser]
    ./app/admin/Wilayah/page.tsx [Client Component Browser]
    ./app/admin/Wilayah/page.tsx [Server Component]

  Client Component SSR:
    ./app/admin/components/ManageWilayah.tsx [Client Component SSR]
    ./app/admin/Wilayah/page.tsx [Client Component SSR]
    ./app/admin/Wilayah/page.tsx [Server Component]


./app/admin/components/ManageWilayah.tsx:207:4
Expression expected
  [90m205 |[0m       <[33mToaster[0m position=[32m"top-right"[0m />
  [90m206 |[0m
[31m[1m>[0m [90m207 |[0m <<<<<<< [33mUpdated[0m upstream
  [90m    |[0m    [31m[1m^^[0m
  [90m208 |[0m       {[90m/* --- HEADER --- */[0m}
  [90m209 |[0m       <div className=[32m"mb-8"[0m>
  [90m210 |[0m         <div className=[32m"bg-gradient-to-r from-[#DDE9E1] 
to-[#E8F1EB] rounded-[24px] p-8 s...[0m

Parsing ecmascript source code failed

Import traces:
  Client Component Browser:
    ./app/admin/components/ManageWilayah.tsx [Client Component Browser]
    ./app/admin/Wilayah/page.tsx [Client Component Browser]
    ./app/admin/Wilayah/page.tsx [Server Component]

  Client Component SSR:
    ./app/admin/components/ManageWilayah.tsx [Client Component SSR]
    ./app/admin/Wilayah/page.tsx [Client Component SSR]
    ./app/admin/Wilayah/page.tsx [Server Component]


./app/admin/components/ManageWilayah.tsx:50:1
Merge conflict marker encountered.
  [90m48 |[0m   });
  [90m49 |[0m
[31m[1m>[0m [90m50 |[0m <<<<<<< [33mUpdated[0m upstream
  [90m   |[0m [31m[1m^^^^^^^[0m
  [90m51 |[0m   [90m// --- LOGIKA HELPER ---[0m
  [90m52 |[0m =======
  [90m53 |[0m >>>>>>> [33mStashed[0m changes

Parsing ecmascript source code failed

Import traces:
  Client Component Browser:
    ./app/admin/components/ManageWilayah.tsx [Client Component Browser]
    ./app/admin/Wilayah/page.tsx [Client Component Browser]
    ./app/admin/Wilayah/page.tsx [Server Component]

  Client Component SSR:
    ./app/admin/components/ManageWilayah.tsx [Client Component SSR]
    ./app/admin/Wilayah/page.tsx [Client Component SSR]
    ./app/admin/Wilayah/page.tsx [Server Component]


./app/admin/components/ManageWilayah.tsx:52:1
Merge conflict marker encountered.
  [90m50 |[0m <<<<<<< [33mUpdated[0m upstream
  [90m51 |[0m   [90m// --- LOGIKA HELPER ---[0m
[31m[1m>[0m [90m52 |[0m =======
  [90m   |[0m [31m[1m^^^^^^^[0m
  [90m53 |[0m >>>>>>> [33mStashed[0m changes
  [90m54 |[0m   [36mconst[0m calculateArea = (radius: number): number => {
  [90m55 |[0m     [36mif[0m (!radius || radius <= [35m0[0m) 
[36mreturn[0m [35m0[0m;

Parsing ecmascript source code failed

Import traces:
  Client Component Browser:
    ./app/admin/components/ManageWilayah.tsx [Client Component Browser]
    ./app/admin/Wilayah/page.tsx [Client Component Browser]
    ./app/admin/Wilayah/page.tsx [Server Component]

  Client Component SSR:
    ./app/admin/components/ManageWilayah.tsx [Client Component SSR]
    ./app/admin/Wilayah/page.tsx [Client Component SSR]
    ./app/admin/Wilayah/page.tsx [Server Component]


./app/admin/components/ManageWilayah.tsx:53:1
Merge conflict marker encountered.
  [90m51 |[0m   [90m// --- LOGIKA HELPER ---[0m
  [90m52 |[0m =======
[31m[1m>[0m [90m53 |[0m >>>>>>> [33mStashed[0m changes
  [90m   |[0m [31m[1m^^^^^^^[0m
  [90m54 |[0m   [36mconst[0m calculateArea = (radius: number): number => {
  [90m55 |[0m     [36mif[0m (!radius || radius <= [35m0[0m) 
[36mreturn[0m [35m0[0m;
  [90m56 |[0m     [36mconst[0m radiusInKm = radius / [35m1000[0m;

Parsing ecmascript source code failed

Import traces:
  Client Component Browser:
    ./app/admin/components/ManageWilayah.tsx [Client Component Browser]
    ./app/admin/Wilayah/page.tsx [Client Component Browser]
    ./app/admin/Wilayah/page.tsx [Server Component]

  Client Component SSR:
    ./app/admin/components/ManageWilayah.tsx [Client Component SSR]
    ./app/admin/Wilayah/page.tsx [Client Component SSR]
    ./app/admin/Wilayah/page.tsx [Server Component]


./app/admin/components/ManageWilayah.tsx:64:1
Merge conflict marker encountered.
  [90m62 |[0m   };
  [90m63 |[0m
[31m[1m>[0m [90m64 |[0m <<<<<<< [33mUpdated[0m upstream
  [90m   |[0m [31m[1m^^^^^^^[0m
  [90m65 |[0m   [90m// --- LOGIKA DATA ---[0m
  [90m66 |[0m =======
  [90m67 |[0m >>>>>>> [33mStashed[0m changes

Parsing ecmascript source code failed

Import traces:
  Client Component Browser:
    ./app/admin/components/ManageWilayah.tsx [Client Component Browser]
    ./app/admin/Wilayah/page.tsx [Client Component Browser]
    ./app/admin/Wilayah/page.tsx [Server Component]

  Client Component SSR:
    ./app/admin/components/ManageWilayah.tsx [Client Component SSR]
    ./app/admin/Wilayah/page.tsx [Client Component SSR]
    ./app/admin/Wilayah/page.tsx [Server Component]


./app/admin/components/ManageWilayah.tsx:66:1
Merge conflict marker encountered.
  [90m64 |[0m <<<<<<< [33mUpdated[0m upstream
  [90m65 |[0m   [90m// --- LOGIKA DATA ---[0m
[31m[1m>[0m [90m66 |[0m =======
  [90m   |[0m [31m[1m^^^^^^^[0m
  [90m67 |[0m >>>>>>> [33mStashed[0m changes
  [90m68 |[0m   [36mconst[0m fetchWilayah = [36masync[0m () => {
  [90m69 |[0m     [36mtry[0m {

Parsing ecmascript source code failed

Import traces:
  Client Component Browser:
    ./app/admin/components/ManageWilayah.tsx [Client Component Browser]
    ./app/admin/Wilayah/page.tsx [Client Component Browser]
    ./app/admin/Wilayah/page.tsx [Server Component]

  Client Component SSR:
    ./app/admin/components/ManageWilayah.tsx [Client Component SSR]
    ./app/admin/Wilayah/page.tsx [Client Component SSR]
    ./app/admin/Wilayah/page.tsx [Server Component]


./app/admin/components/ManageWilayah.tsx:67:1
Merge conflict marker encountered.
  [90m65 |[0m   [90m// --- LOGIKA DATA ---[0m
  [90m66 |[0m =======
[31m[1m>[0m [90m67 |[0m >>>>>>> [33mStashed[0m changes
  [90m   |[0m [31m[1m^^^^^^^[0m
  [90m68 |[0m   [36mconst[0m fetchWilayah = [36masync[0m () => {
  [90m69 |[0m     [36mtry[0m {
  [90m70 |[0m       setLoading([36mtrue[0m);

Parsing ecmascript source code failed

Import traces:
  Client Component Browser:
    ./app/admin/components/ManageWilayah.tsx [Client Component Browser]
    ./app/admin/Wilayah/page.tsx [Client Component Browser]
    ./app/admin/Wilayah/page.tsx [Server Component]

  Client Component SSR:
    ./app/admin/components/ManageWilayah.tsx [Client Component SSR]
    ./app/admin/Wilayah/page.tsx [Client Component SSR]
    ./app/admin/Wilayah/page.tsx [Server Component]


./app/admin/components/ManageWilayah.tsx:89:1
Merge conflict marker encountered.
  [90m87 |[0m   useEffect(() => { fetchWilayah(); }, []);
  [90m88 |[0m
[31m[1m>[0m [90m89 |[0m <<<<<<< [33mUpdated[0m upstream
  [90m   |[0m [31m[1m^^^^^^^[0m
  [90m90 |[0m   [90m// Otomatisasi Kode[0m
  [90m91 |[0m =======
  [90m92 |[0m >>>>>>> [33mStashed[0m changes

Parsing ecmascript source code failed

Import traces:
  Client Component Browser:
    ./app/admin/components/ManageWilayah.tsx [Client Component Browser]
    ./app/admin/Wilayah/page.tsx [Client Component Browser]
    ./app/admin/Wilayah/page.tsx [Server Component]

  Client Component SSR:
    ./app/admin/components/ManageWilayah.tsx [Client Component SSR]
    ./app/admin/Wilayah/page.tsx [Client Component SSR]
    ./app/admin/Wilayah/page.tsx [Server Component]


./app/admin/components/ManageWilayah.tsx:91:1
Merge conflict marker encountered.
  [90m89 |[0m <<<<<<< [33mUpdated[0m upstream
  [90m90 |[0m   [90m// Otomatisasi Kode[0m
[31m[1m>[0m [90m91 |[0m =======
  [90m   |[0m [31m[1m^^^^^^^[0m
  [90m92 |[0m >>>>>>> [33mStashed[0m changes
  [90m93 |[0m   useEffect(() => {
  [90m94 |[0m     [36mif[0m (!editingWilayah && formData.name.length >= 
[35m3[0m) {

Parsing ecmascript source code failed

Import traces:
  Client Component Browser:
    ./app/admin/components/ManageWilayah.tsx [Client Component Browser]
    ./app/admin/Wilayah/page.tsx [Client Component Browser]
    ./app/admin/Wilayah/page.tsx [Server Component]

  Client Component SSR:
    ./app/admin/components/ManageWilayah.tsx [Client Component SSR]
    ./app/admin/Wilayah/page.tsx [Client Component SSR]
    ./app/admin/Wilayah/page.tsx [Server Component]


./app/admin/components/ManageWilayah.tsx:92:1
Merge conflict marker encountered.
  [90m90 |[0m   [90m// Otomatisasi Kode[0m
  [90m91 |[0m =======
[31m[1m>[0m [90m92 |[0m >>>>>>> [33mStashed[0m changes
  [90m   |[0m [31m[1m^^^^^^^[0m
  [90m93 |[0m   useEffect(() => {
  [90m94 |[0m     [36mif[0m (!editingWilayah && formData.name.length >= 
[35m3[0m) {
  [90m95 |[0m       [36mconst[0m cleanName = 
formData.name.replace([35m/[^a-zA-Z]/g[0m, [32m''[0m).toUpperCase();

Parsing ecmascript source code failed

Import traces:
  Client Component Browser:
    ./app/admin/components/ManageWilayah.tsx [Client Component Browser]
    ./app/admin/Wilayah/page.tsx [Client Component Browser]
    ./app/admin/Wilayah/page.tsx [Server Component]

  Client Component SSR:
    ./app/admin/components/ManageWilayah.tsx [Client Component SSR]
    ./app/admin/Wilayah/page.tsx [Client Component SSR]
    ./app/admin/Wilayah/page.tsx [Server Component]


    at <unknown> (./app/admin/components/ManageWilayah.tsx:207:2)
    at <unknown> (./app/admin/components/ManageWilayah.tsx:207:4)
    at <unknown> (./app/admin/components/ManageWilayah.tsx:50:1)
    at <unknown> (./app/admin/components/ManageWilayah.tsx:52:1)
    at <unknown> (./app/admin/components/ManageWilayah.tsx:53:1)
    at <unknown> (./app/admin/components/ManageWilayah.tsx:64:1)
    at <unknown> (./app/admin/components/ManageWilayah.tsx:66:1)
    at <unknown> (./app/admin/components/ManageWilayah.tsx:67:1)
    at <unknown> (./app/admin/components/ManageWilayah.tsx:89:1)
    at <unknown> (./app/admin/components/ManageWilayah.tsx:91:1)
    at <unknown> (./app/admin/components/ManageWilayah.tsx:92:1)
